<html>
<body>
<pre>
<h1>µVision Build Log</h1>
<h2>Project:</h2>
C:\Keil\Labware\Lab10_TrafficLight\Lab10.uvproj
Project File Date:  02/11/2014

<h2>Output:</h2>
Build target 'Lab10'
compiling TableTrafficLight.c...
linking...
Program Size: Code=4536 RO-data=14548 RW-data=80 ZI-data=1752  
".\Lab10.axf" - 0 Error(s), 0 Warning(s).
, GoE}}      //Hurry
TableTrafficLight.c: 0 warnings, 1 error
".\Lab10.axf" - 1 Error(s), 0 Warning(s).
Target not created
Target not created
Error: Could not load file 'C:\Keil\Labware\Lab10_TrafficLight\Lab10.axf'. Debugger aborted !
 not created
